[0.009s] Invoking command in '/home/omputor/ros2_ws/src/tendon_continuum/build/tendon_continuum': CMAKE_PREFIX_PATH=${CMAKE_PREFIX_PATH}:/home/omputor/ros2_ws/install/rrr_arm_ik:/home/omputor/ros2_ws/install/rotations_3d:/home/omputor/ros2_ws/install/my_first_robot:/opt/ros/jazzy /usr/bin/cmake /home/omputor/ros2_ws/src/tendon_continuum -DCMAKE_INSTALL_PREFIX=/home/omputor/ros2_ws/src/tendon_continuum/install/tendon_continuum
[0.254s] -- The C compiler identification is GNU 13.3.0
[1.161s] -- The CXX compiler identification is GNU 13.3.0
[1.899s] -- Detecting C compiler ABI info
[2.160s] -- Detecting C compiler ABI info - done
[2.165s] -- Check for working C compiler: /usr/bin/cc - skipped
[2.166s] -- Detecting C compile features
[2.167s] -- Detecting C compile features - done
[2.274s] -- Detecting CXX compiler ABI info
[2.551s] -- Detecting CXX compiler ABI info - done
[2.557s] -- Check for working CXX compiler: /usr/bin/c++ - skipped
[2.557s] -- Detecting CXX compile features
[2.557s] -- Detecting CXX compile features - done
[2.579s] -- Found ament_cmake: 2.5.6 (/opt/ros/jazzy/share/ament_cmake/cmake)
[2.681s] -- Found Python3: /usr/bin/python3 (found version "3.12.3") found components: Interpreter 
[2.769s] -- Found rclpy: 7.1.11 (/opt/ros/jazzy/share/rclpy/cmake)
[2.897s] -- Configuring done (2.9s)
[2.902s] -- Generating done (0.0s)
[2.904s] -- Build files have been written to: /home/omputor/ros2_ws/src/tendon_continuum/build/tendon_continuum
[2.907s] Invoked command in '/home/omputor/ros2_ws/src/tendon_continuum/build/tendon_continuum' returned '0': CMAKE_PREFIX_PATH=${CMAKE_PREFIX_PATH}:/home/omputor/ros2_ws/install/rrr_arm_ik:/home/omputor/ros2_ws/install/rotations_3d:/home/omputor/ros2_ws/install/my_first_robot:/opt/ros/jazzy /usr/bin/cmake /home/omputor/ros2_ws/src/tendon_continuum -DCMAKE_INSTALL_PREFIX=/home/omputor/ros2_ws/src/tendon_continuum/install/tendon_continuum
[2.908s] Invoking command in '/home/omputor/ros2_ws/src/tendon_continuum/build/tendon_continuum': CMAKE_PREFIX_PATH=${CMAKE_PREFIX_PATH}:/home/omputor/ros2_ws/install/rrr_arm_ik:/home/omputor/ros2_ws/install/rotations_3d:/home/omputor/ros2_ws/install/my_first_robot:/opt/ros/jazzy /usr/bin/cmake --build /home/omputor/ros2_ws/src/tendon_continuum/build/tendon_continuum -- -j20 -l20
[2.947s] Built target ament_cmake_python_copy_scripts
[3.087s] running egg_info
[3.087s] creating scripts.egg-info
[3.100s] writing scripts.egg-info/PKG-INFO
[3.100s] writing dependency_links to scripts.egg-info/dependency_links.txt
[3.100s] writing top-level names to scripts.egg-info/top_level.txt
[3.100s] writing manifest file 'scripts.egg-info/SOURCES.txt'
[3.138s] reading manifest file 'scripts.egg-info/SOURCES.txt'
[3.138s] writing manifest file 'scripts.egg-info/SOURCES.txt'
[3.156s] Built target ament_cmake_python_build_scripts_egg
[3.163s] Invoked command in '/home/omputor/ros2_ws/src/tendon_continuum/build/tendon_continuum' returned '0': CMAKE_PREFIX_PATH=${CMAKE_PREFIX_PATH}:/home/omputor/ros2_ws/install/rrr_arm_ik:/home/omputor/ros2_ws/install/rotations_3d:/home/omputor/ros2_ws/install/my_first_robot:/opt/ros/jazzy /usr/bin/cmake --build /home/omputor/ros2_ws/src/tendon_continuum/build/tendon_continuum -- -j20 -l20
[3.169s] Invoking command in '/home/omputor/ros2_ws/src/tendon_continuum/build/tendon_continuum': CMAKE_PREFIX_PATH=${CMAKE_PREFIX_PATH}:/home/omputor/ros2_ws/install/rrr_arm_ik:/home/omputor/ros2_ws/install/rotations_3d:/home/omputor/ros2_ws/install/my_first_robot:/opt/ros/jazzy /usr/bin/cmake --install /home/omputor/ros2_ws/src/tendon_continuum/build/tendon_continuum
[3.174s] -- Install configuration: ""
[3.175s] -- Installing: /home/omputor/ros2_ws/src/tendon_continuum/install/tendon_continuum/share/tendon_continuum/environment/pythonpath.sh
[3.175s] -- Installing: /home/omputor/ros2_ws/src/tendon_continuum/install/tendon_continuum/share/tendon_continuum/environment/pythonpath.dsv
[3.175s] -- Installing: /home/omputor/ros2_ws/src/tendon_continuum/install/tendon_continuum/lib/python3.12/site-packages/scripts-0.0.0-py3.12.egg-info
[3.175s] -- Installing: /home/omputor/ros2_ws/src/tendon_continuum/install/tendon_continuum/lib/python3.12/site-packages/scripts-0.0.0-py3.12.egg-info/top_level.txt
[3.175s] -- Installing: /home/omputor/ros2_ws/src/tendon_continuum/install/tendon_continuum/lib/python3.12/site-packages/scripts-0.0.0-py3.12.egg-info/PKG-INFO
[3.176s] -- Installing: /home/omputor/ros2_ws/src/tendon_continuum/install/tendon_continuum/lib/python3.12/site-packages/scripts-0.0.0-py3.12.egg-info/SOURCES.txt
[3.176s] -- Installing: /home/omputor/ros2_ws/src/tendon_continuum/install/tendon_continuum/lib/python3.12/site-packages/scripts-0.0.0-py3.12.egg-info/dependency_links.txt
[3.176s] -- Installing: /home/omputor/ros2_ws/src/tendon_continuum/install/tendon_continuum/lib/python3.12/site-packages/scripts
[3.176s] -- Installing: /home/omputor/ros2_ws/src/tendon_continuum/install/tendon_continuum/lib/python3.12/site-packages/scripts/kinematics_solver.py
[3.176s] -- Installing: /home/omputor/ros2_ws/src/tendon_continuum/install/tendon_continuum/lib/python3.12/site-packages/scripts/tendon_controller.py
[3.176s] -- Installing: /home/omputor/ros2_ws/src/tendon_continuum/install/tendon_continuum/lib/python3.12/site-packages/scripts/rod_visualizer.py
[3.176s] -- Installing: /home/omputor/ros2_ws/src/tendon_continuum/install/tendon_continuum/lib/python3.12/site-packages/scripts/dashboard_gui.py
[3.176s] -- Installing: /home/omputor/ros2_ws/src/tendon_continuum/install/tendon_continuum/lib/python3.12/site-packages/scripts/__init__.py
[3.202s] Listing '/home/omputor/ros2_ws/src/tendon_continuum/install/tendon_continuum/lib/python3.12/site-packages/scripts'...
[3.202s] Compiling '/home/omputor/ros2_ws/src/tendon_continuum/install/tendon_continuum/lib/python3.12/site-packages/scripts/__init__.py'...
[3.202s] Compiling '/home/omputor/ros2_ws/src/tendon_continuum/install/tendon_continuum/lib/python3.12/site-packages/scripts/dashboard_gui.py'...
[3.202s] Compiling '/home/omputor/ros2_ws/src/tendon_continuum/install/tendon_continuum/lib/python3.12/site-packages/scripts/kinematics_solver.py'...
[3.202s] Compiling '/home/omputor/ros2_ws/src/tendon_continuum/install/tendon_continuum/lib/python3.12/site-packages/scripts/rod_visualizer.py'...
[3.202s] Compiling '/home/omputor/ros2_ws/src/tendon_continuum/install/tendon_continuum/lib/python3.12/site-packages/scripts/tendon_controller.py'...
[3.205s] -- Installing: /home/omputor/ros2_ws/src/tendon_continuum/install/tendon_continuum/share/tendon_continuum/launch
[3.206s] -- Installing: /home/omputor/ros2_ws/src/tendon_continuum/install/tendon_continuum/share/tendon_continuum/launch/sim.launch.py
[3.206s] -- Installing: /home/omputor/ros2_ws/src/tendon_continuum/install/tendon_continuum/share/tendon_continuum/urdf
[3.206s] -- Installing: /home/omputor/ros2_ws/src/tendon_continuum/install/tendon_continuum/share/tendon_continuum/urdf/continuum.urdf.xacro
[3.206s] -- Installing: /home/omputor/ros2_ws/src/tendon_continuum/install/tendon_continuum/share/tendon_continuum/worlds
[3.206s] -- Installing: /home/omputor/ros2_ws/src/tendon_continuum/install/tendon_continuum/share/tendon_continuum/worlds/test_bench.sdf
[3.206s] -- Installing: /home/omputor/ros2_ws/src/tendon_continuum/install/tendon_continuum/share/tendon_continuum/config
[3.206s] -- Installing: /home/omputor/ros2_ws/src/tendon_continuum/install/tendon_continuum/share/tendon_continuum/config/controllers.yaml
[3.206s] -- Installing: /home/omputor/ros2_ws/src/tendon_continuum/install/tendon_continuum/share/tendon_continuum/meshes
[3.207s] -- Installing: /home/omputor/ros2_ws/src/tendon_continuum/install/tendon_continuum/share/tendon_continuum/meshes/base_plate.stl
[3.207s] -- Installing: /home/omputor/ros2_ws/src/tendon_continuum/install/tendon_continuum/share/tendon_continuum/meshes/disk.stl
[3.207s] -- Installing: /home/omputor/ros2_ws/src/tendon_continuum/install/tendon_continuum/lib/tendon_continuum/kinematics_solver.py
[3.207s] -- Installing: /home/omputor/ros2_ws/src/tendon_continuum/install/tendon_continuum/lib/tendon_continuum/tendon_controller.py
[3.207s] -- Installing: /home/omputor/ros2_ws/src/tendon_continuum/install/tendon_continuum/lib/tendon_continuum/dashboard_gui.py
[3.207s] -- Installing: /home/omputor/ros2_ws/src/tendon_continuum/install/tendon_continuum/lib/tendon_continuum/rod_visualizer.py
[3.208s] -- Installing: /home/omputor/ros2_ws/src/tendon_continuum/install/tendon_continuum/share/ament_index/resource_index/package_run_dependencies/tendon_continuum
[3.208s] -- Installing: /home/omputor/ros2_ws/src/tendon_continuum/install/tendon_continuum/share/ament_index/resource_index/parent_prefix_path/tendon_continuum
[3.208s] -- Installing: /home/omputor/ros2_ws/src/tendon_continuum/install/tendon_continuum/share/tendon_continuum/environment/ament_prefix_path.sh
[3.208s] -- Installing: /home/omputor/ros2_ws/src/tendon_continuum/install/tendon_continuum/share/tendon_continuum/environment/ament_prefix_path.dsv
[3.208s] -- Installing: /home/omputor/ros2_ws/src/tendon_continuum/install/tendon_continuum/share/tendon_continuum/environment/path.sh
[3.208s] -- Installing: /home/omputor/ros2_ws/src/tendon_continuum/install/tendon_continuum/share/tendon_continuum/environment/path.dsv
[3.208s] -- Installing: /home/omputor/ros2_ws/src/tendon_continuum/install/tendon_continuum/share/tendon_continuum/local_setup.bash
[3.209s] -- Installing: /home/omputor/ros2_ws/src/tendon_continuum/install/tendon_continuum/share/tendon_continuum/local_setup.sh
[3.209s] -- Installing: /home/omputor/ros2_ws/src/tendon_continuum/install/tendon_continuum/share/tendon_continuum/local_setup.zsh
[3.209s] -- Installing: /home/omputor/ros2_ws/src/tendon_continuum/install/tendon_continuum/share/tendon_continuum/local_setup.dsv
[3.209s] -- Installing: /home/omputor/ros2_ws/src/tendon_continuum/install/tendon_continuum/share/tendon_continuum/package.dsv
[3.209s] -- Installing: /home/omputor/ros2_ws/src/tendon_continuum/install/tendon_continuum/share/ament_index/resource_index/packages/tendon_continuum
[3.209s] -- Installing: /home/omputor/ros2_ws/src/tendon_continuum/install/tendon_continuum/share/tendon_continuum/cmake/tendon_continuumConfig.cmake
[3.209s] -- Installing: /home/omputor/ros2_ws/src/tendon_continuum/install/tendon_continuum/share/tendon_continuum/cmake/tendon_continuumConfig-version.cmake
[3.210s] -- Installing: /home/omputor/ros2_ws/src/tendon_continuum/install/tendon_continuum/share/tendon_continuum/package.xml
[3.212s] Invoked command in '/home/omputor/ros2_ws/src/tendon_continuum/build/tendon_continuum' returned '0': CMAKE_PREFIX_PATH=${CMAKE_PREFIX_PATH}:/home/omputor/ros2_ws/install/rrr_arm_ik:/home/omputor/ros2_ws/install/rotations_3d:/home/omputor/ros2_ws/install/my_first_robot:/opt/ros/jazzy /usr/bin/cmake --install /home/omputor/ros2_ws/src/tendon_continuum/build/tendon_continuum
