[0.280s] DEBUG:colcon:Command line arguments: ['/usr/bin/colcon', 'build', '--packages-select', 'tendon_continuum']
[0.280s] DEBUG:colcon:Parsed command line arguments: Namespace(log_base=None, log_level=None, verb_name='build', build_base='build', install_base='install', merge_install=False, symlink_install=False, test_result_base=None, continue_on_error=False, executor='parallel', parallel_workers=20, event_handlers=None, ignore_user_meta=False, metas=['./colcon.meta'], base_paths=['.'], packages_ignore=None, packages_ignore_regex=None, paths=None, packages_up_to=None, packages_up_to_regex=None, packages_above=None, packages_above_and_dependencies=None, packages_above_depth=None, packages_select_by_dep=None, packages_skip_by_dep=None, packages_skip_up_to=None, packages_select_build_failed=False, packages_skip_build_finished=False, packages_select_test_failures=False, packages_skip_test_passed=False, packages_select=['tendon_continuum'], packages_skip=None, packages_select_regex=None, packages_skip_regex=None, packages_start=None, packages_end=None, allow_overriding=[], cmake_args=None, cmake_target=None, cmake_target_skip_unavailable=False, cmake_clean_cache=False, cmake_clean_first=False, cmake_force_configure=False, ament_cmake_args=None, catkin_cmake_args=None, catkin_skip_building_tests=False, mixin_files=None, mixin=None, verb_parser=<colcon_mixin.mixin.mixin_argument.MixinArgumentDecorator object at 0x762553cb8fb0>, verb_extension=<colcon_core.verb.build.BuildVerb object at 0x762553dd52e0>, main=<bound method BuildVerb.main of <colcon_core.verb.build.BuildVerb object at 0x762553dd52e0>>, mixin_verb=('build',))
[0.308s] Level 1:colcon.colcon_core.package_discovery:discover_packages(colcon_meta) check parameters
[0.308s] Level 1:colcon.colcon_core.package_discovery:discover_packages(recursive) check parameters
[0.308s] Level 1:colcon.colcon_core.package_discovery:discover_packages(ignore) check parameters
[0.308s] Level 1:colcon.colcon_core.package_discovery:discover_packages(path) check parameters
[0.308s] Level 1:colcon.colcon_core.package_discovery:discover_packages(colcon_meta) discover
[0.308s] Level 1:colcon.colcon_core.package_discovery:discover_packages(recursive) discover
[0.309s] INFO:colcon.colcon_core.package_discovery:Crawling recursively for packages in '/home/omputor/ros2_ws/src/tendon_continuum'
[0.309s] Level 1:colcon.colcon_core.package_identification:_identify(.) by extensions ['ignore', 'ignore_ament_install']
[0.309s] Level 1:colcon.colcon_core.package_identification:_identify(.) by extension 'ignore'
[0.309s] Level 1:colcon.colcon_core.package_identification:_identify(.) by extension 'ignore_ament_install'
[0.309s] Level 1:colcon.colcon_core.package_identification:_identify(.) by extensions ['colcon_pkg']
[0.309s] Level 1:colcon.colcon_core.package_identification:_identify(.) by extension 'colcon_pkg'
[0.309s] Level 1:colcon.colcon_core.package_identification:_identify(.) by extensions ['colcon_meta']
[0.309s] Level 1:colcon.colcon_core.package_identification:_identify(.) by extension 'colcon_meta'
[0.309s] Level 1:colcon.colcon_core.package_identification:_identify(.) by extensions ['ros']
[0.309s] Level 1:colcon.colcon_core.package_identification:_identify(.) by extension 'ros'
[0.329s] DEBUG:colcon.colcon_core.package_identification:Package '.' with type 'ros.ament_cmake' and name 'tendon_continuum'
[0.329s] Level 1:colcon.colcon_core.package_discovery:discover_packages(recursive) using defaults
[0.329s] Level 1:colcon.colcon_core.package_discovery:discover_packages(ignore) discover
[0.329s] Level 1:colcon.colcon_core.package_discovery:discover_packages(ignore) using defaults
[0.329s] Level 1:colcon.colcon_core.package_discovery:discover_packages(path) discover
[0.329s] Level 1:colcon.colcon_core.package_discovery:discover_packages(path) using defaults
[0.343s] Level 1:colcon.colcon_core.package_discovery:discover_packages(prefix_path) check parameters
[0.343s] Level 1:colcon.colcon_core.package_discovery:discover_packages(prefix_path) discover
[0.344s] DEBUG:colcon.colcon_installed_package_information.package_discovery:Found 6 installed packages in /home/omputor/ros2_ws/install
[0.345s] DEBUG:colcon.colcon_installed_package_information.package_discovery:Found 370 installed packages in /opt/ros/jazzy
[0.346s] Level 1:colcon.colcon_core.package_discovery:discover_packages(prefix_path) using defaults
[0.374s] Level 5:colcon.colcon_core.verb:set package 'tendon_continuum' build argument 'cmake_args' from command line to 'None'
[0.375s] Level 5:colcon.colcon_core.verb:set package 'tendon_continuum' build argument 'cmake_target' from command line to 'None'
[0.375s] Level 5:colcon.colcon_core.verb:set package 'tendon_continuum' build argument 'cmake_target_skip_unavailable' from command line to 'False'
[0.375s] Level 5:colcon.colcon_core.verb:set package 'tendon_continuum' build argument 'cmake_clean_cache' from command line to 'False'
[0.375s] Level 5:colcon.colcon_core.verb:set package 'tendon_continuum' build argument 'cmake_clean_first' from command line to 'False'
[0.375s] Level 5:colcon.colcon_core.verb:set package 'tendon_continuum' build argument 'cmake_force_configure' from command line to 'False'
[0.375s] Level 5:colcon.colcon_core.verb:set package 'tendon_continuum' build argument 'ament_cmake_args' from command line to 'None'
[0.375s] Level 5:colcon.colcon_core.verb:set package 'tendon_continuum' build argument 'catkin_cmake_args' from command line to 'None'
[0.375s] Level 5:colcon.colcon_core.verb:set package 'tendon_continuum' build argument 'catkin_skip_building_tests' from command line to 'False'
[0.375s] DEBUG:colcon.colcon_core.verb:Building package 'tendon_continuum' with the following arguments: {'ament_cmake_args': None, 'build_base': '/home/omputor/ros2_ws/src/tendon_continuum/build/tendon_continuum', 'catkin_cmake_args': None, 'catkin_skip_building_tests': False, 'cmake_args': None, 'cmake_clean_cache': False, 'cmake_clean_first': False, 'cmake_force_configure': False, 'cmake_target': None, 'cmake_target_skip_unavailable': False, 'install_base': '/home/omputor/ros2_ws/src/tendon_continuum/install/tendon_continuum', 'merge_install': False, 'path': '/home/omputor/ros2_ws/src/tendon_continuum', 'symlink_install': False, 'test_result_base': None}
[0.375s] INFO:colcon.colcon_core.executor:Executing jobs using 'parallel' executor
[0.376s] DEBUG:colcon.colcon_parallel_executor.executor.parallel:run_until_complete
[0.376s] INFO:colcon.colcon_ros.task.ament_cmake.build:Building ROS package in '/home/omputor/ros2_ws/src/tendon_continuum' with build type 'ament_cmake'
[0.376s] INFO:colcon.colcon_cmake.task.cmake.build:Building CMake package in '/home/omputor/ros2_ws/src/tendon_continuum'
[0.377s] INFO:colcon.colcon_core.plugin_system:Skipping extension 'colcon_core.shell.bat': Not used on non-Windows systems
[0.377s] INFO:colcon.colcon_core.shell:Skip shell extension 'powershell' for command environment: Not usable outside of PowerShell
[0.378s] DEBUG:colcon.colcon_core.shell:Skip shell extension 'dsv' for command environment
[0.386s] DEBUG:colcon.colcon_core.event_handler.log_command:Invoking command in '/home/omputor/ros2_ws/src/tendon_continuum/build/tendon_continuum': CMAKE_PREFIX_PATH=${CMAKE_PREFIX_PATH}:/home/omputor/ros2_ws/install/rrr_arm_ik:/home/omputor/ros2_ws/install/rotations_3d:/home/omputor/ros2_ws/install/my_first_robot:/opt/ros/jazzy /usr/bin/cmake /home/omputor/ros2_ws/src/tendon_continuum -DCMAKE_INSTALL_PREFIX=/home/omputor/ros2_ws/src/tendon_continuum/install/tendon_continuum
[3.284s] DEBUG:colcon.colcon_core.event_handler.log_command:Invoked command in '/home/omputor/ros2_ws/src/tendon_continuum/build/tendon_continuum' returned '0': CMAKE_PREFIX_PATH=${CMAKE_PREFIX_PATH}:/home/omputor/ros2_ws/install/rrr_arm_ik:/home/omputor/ros2_ws/install/rotations_3d:/home/omputor/ros2_ws/install/my_first_robot:/opt/ros/jazzy /usr/bin/cmake /home/omputor/ros2_ws/src/tendon_continuum -DCMAKE_INSTALL_PREFIX=/home/omputor/ros2_ws/src/tendon_continuum/install/tendon_continuum
[3.284s] DEBUG:colcon.colcon_core.event_handler.log_command:Invoking command in '/home/omputor/ros2_ws/src/tendon_continuum/build/tendon_continuum': CMAKE_PREFIX_PATH=${CMAKE_PREFIX_PATH}:/home/omputor/ros2_ws/install/rrr_arm_ik:/home/omputor/ros2_ws/install/rotations_3d:/home/omputor/ros2_ws/install/my_first_robot:/opt/ros/jazzy /usr/bin/cmake --build /home/omputor/ros2_ws/src/tendon_continuum/build/tendon_continuum -- -j20 -l20
[3.539s] DEBUG:colcon.colcon_core.event_handler.log_command:Invoked command in '/home/omputor/ros2_ws/src/tendon_continuum/build/tendon_continuum' returned '0': CMAKE_PREFIX_PATH=${CMAKE_PREFIX_PATH}:/home/omputor/ros2_ws/install/rrr_arm_ik:/home/omputor/ros2_ws/install/rotations_3d:/home/omputor/ros2_ws/install/my_first_robot:/opt/ros/jazzy /usr/bin/cmake --build /home/omputor/ros2_ws/src/tendon_continuum/build/tendon_continuum -- -j20 -l20
[3.545s] DEBUG:colcon.colcon_core.event_handler.log_command:Invoking command in '/home/omputor/ros2_ws/src/tendon_continuum/build/tendon_continuum': CMAKE_PREFIX_PATH=${CMAKE_PREFIX_PATH}:/home/omputor/ros2_ws/install/rrr_arm_ik:/home/omputor/ros2_ws/install/rotations_3d:/home/omputor/ros2_ws/install/my_first_robot:/opt/ros/jazzy /usr/bin/cmake --install /home/omputor/ros2_ws/src/tendon_continuum/build/tendon_continuum
[3.587s] Level 1:colcon.colcon_core.environment:create_environment_scripts_only(tendon_continuum)
[3.588s] DEBUG:colcon.colcon_core.event_handler.log_command:Invoked command in '/home/omputor/ros2_ws/src/tendon_continuum/build/tendon_continuum' returned '0': CMAKE_PREFIX_PATH=${CMAKE_PREFIX_PATH}:/home/omputor/ros2_ws/install/rrr_arm_ik:/home/omputor/ros2_ws/install/rotations_3d:/home/omputor/ros2_ws/install/my_first_robot:/opt/ros/jazzy /usr/bin/cmake --install /home/omputor/ros2_ws/src/tendon_continuum/build/tendon_continuum
[3.589s] Level 1:colcon.colcon_core.environment:checking '/home/omputor/ros2_ws/src/tendon_continuum/install/tendon_continuum' for CMake module files
[3.589s] Level 1:colcon.colcon_core.environment:checking '/home/omputor/ros2_ws/src/tendon_continuum/install/tendon_continuum' for CMake config files
[3.590s] Level 1:colcon.colcon_core.shell:create_environment_hook('tendon_continuum', 'cmake_prefix_path')
[3.590s] INFO:colcon.colcon_core.shell:Creating environment hook '/home/omputor/ros2_ws/src/tendon_continuum/install/tendon_continuum/share/tendon_continuum/hook/cmake_prefix_path.ps1'
[3.590s] INFO:colcon.colcon_core.shell:Creating environment descriptor '/home/omputor/ros2_ws/src/tendon_continuum/install/tendon_continuum/share/tendon_continuum/hook/cmake_prefix_path.dsv'
[3.591s] INFO:colcon.colcon_core.shell:Creating environment hook '/home/omputor/ros2_ws/src/tendon_continuum/install/tendon_continuum/share/tendon_continuum/hook/cmake_prefix_path.sh'
[3.591s] Level 1:colcon.colcon_core.environment:checking '/home/omputor/ros2_ws/src/tendon_continuum/install/tendon_continuum/lib'
[3.591s] Level 1:colcon.colcon_core.environment:checking '/home/omputor/ros2_ws/src/tendon_continuum/install/tendon_continuum/bin'
[3.591s] Level 1:colcon.colcon_core.environment:checking '/home/omputor/ros2_ws/src/tendon_continuum/install/tendon_continuum/lib/pkgconfig/tendon_continuum.pc'
[3.592s] Level 1:colcon.colcon_core.environment:checking '/home/omputor/ros2_ws/src/tendon_continuum/install/tendon_continuum/lib/python3.12/site-packages'
[3.592s] Level 1:colcon.colcon_core.shell:create_environment_hook('tendon_continuum', 'pythonpath')
[3.592s] INFO:colcon.colcon_core.shell:Creating environment hook '/home/omputor/ros2_ws/src/tendon_continuum/install/tendon_continuum/share/tendon_continuum/hook/pythonpath.ps1'
[3.592s] INFO:colcon.colcon_core.shell:Creating environment descriptor '/home/omputor/ros2_ws/src/tendon_continuum/install/tendon_continuum/share/tendon_continuum/hook/pythonpath.dsv'
[3.592s] INFO:colcon.colcon_core.shell:Creating environment hook '/home/omputor/ros2_ws/src/tendon_continuum/install/tendon_continuum/share/tendon_continuum/hook/pythonpath.sh'
[3.593s] Level 1:colcon.colcon_core.environment:checking '/home/omputor/ros2_ws/src/tendon_continuum/install/tendon_continuum/bin'
[3.593s] INFO:colcon.colcon_core.shell:Creating package script '/home/omputor/ros2_ws/src/tendon_continuum/install/tendon_continuum/share/tendon_continuum/package.ps1'
[3.593s] INFO:colcon.colcon_core.shell:Creating package descriptor '/home/omputor/ros2_ws/src/tendon_continuum/install/tendon_continuum/share/tendon_continuum/package.dsv'
[3.594s] INFO:colcon.colcon_core.shell:Creating package script '/home/omputor/ros2_ws/src/tendon_continuum/install/tendon_continuum/share/tendon_continuum/package.sh'
[3.594s] INFO:colcon.colcon_core.shell:Creating package script '/home/omputor/ros2_ws/src/tendon_continuum/install/tendon_continuum/share/tendon_continuum/package.bash'
[3.595s] INFO:colcon.colcon_core.shell:Creating package script '/home/omputor/ros2_ws/src/tendon_continuum/install/tendon_continuum/share/tendon_continuum/package.zsh'
[3.595s] Level 1:colcon.colcon_core.environment:create_file_with_runtime_dependencies(/home/omputor/ros2_ws/src/tendon_continuum/install/tendon_continuum/share/colcon-core/packages/tendon_continuum)
[3.595s] Level 1:colcon.colcon_core.environment:create_environment_scripts_only(tendon_continuum)
[3.596s] Level 1:colcon.colcon_core.environment:checking '/home/omputor/ros2_ws/src/tendon_continuum/install/tendon_continuum' for CMake module files
[3.596s] Level 1:colcon.colcon_core.environment:checking '/home/omputor/ros2_ws/src/tendon_continuum/install/tendon_continuum' for CMake config files
[3.596s] Level 1:colcon.colcon_core.shell:create_environment_hook('tendon_continuum', 'cmake_prefix_path')
[3.596s] INFO:colcon.colcon_core.shell:Creating environment hook '/home/omputor/ros2_ws/src/tendon_continuum/install/tendon_continuum/share/tendon_continuum/hook/cmake_prefix_path.ps1'
[3.596s] INFO:colcon.colcon_core.shell:Creating environment descriptor '/home/omputor/ros2_ws/src/tendon_continuum/install/tendon_continuum/share/tendon_continuum/hook/cmake_prefix_path.dsv'
[3.597s] INFO:colcon.colcon_core.shell:Creating environment hook '/home/omputor/ros2_ws/src/tendon_continuum/install/tendon_continuum/share/tendon_continuum/hook/cmake_prefix_path.sh'
[3.597s] Level 1:colcon.colcon_core.environment:checking '/home/omputor/ros2_ws/src/tendon_continuum/install/tendon_continuum/lib'
[3.597s] Level 1:colcon.colcon_core.environment:checking '/home/omputor/ros2_ws/src/tendon_continuum/install/tendon_continuum/bin'
[3.597s] Level 1:colcon.colcon_core.environment:checking '/home/omputor/ros2_ws/src/tendon_continuum/install/tendon_continuum/lib/pkgconfig/tendon_continuum.pc'
[3.597s] Level 1:colcon.colcon_core.environment:checking '/home/omputor/ros2_ws/src/tendon_continuum/install/tendon_continuum/lib/python3.12/site-packages'
[3.597s] Level 1:colcon.colcon_core.shell:create_environment_hook('tendon_continuum', 'pythonpath')
[3.597s] INFO:colcon.colcon_core.shell:Creating environment hook '/home/omputor/ros2_ws/src/tendon_continuum/install/tendon_continuum/share/tendon_continuum/hook/pythonpath.ps1'
[3.598s] INFO:colcon.colcon_core.shell:Creating environment descriptor '/home/omputor/ros2_ws/src/tendon_continuum/install/tendon_continuum/share/tendon_continuum/hook/pythonpath.dsv'
[3.598s] INFO:colcon.colcon_core.shell:Creating environment hook '/home/omputor/ros2_ws/src/tendon_continuum/install/tendon_continuum/share/tendon_continuum/hook/pythonpath.sh'
[3.599s] Level 1:colcon.colcon_core.environment:checking '/home/omputor/ros2_ws/src/tendon_continuum/install/tendon_continuum/bin'
[3.599s] INFO:colcon.colcon_core.shell:Creating package script '/home/omputor/ros2_ws/src/tendon_continuum/install/tendon_continuum/share/tendon_continuum/package.ps1'
[3.599s] INFO:colcon.colcon_core.shell:Creating package descriptor '/home/omputor/ros2_ws/src/tendon_continuum/install/tendon_continuum/share/tendon_continuum/package.dsv'
[3.600s] INFO:colcon.colcon_core.shell:Creating package script '/home/omputor/ros2_ws/src/tendon_continuum/install/tendon_continuum/share/tendon_continuum/package.sh'
[3.600s] INFO:colcon.colcon_core.shell:Creating package script '/home/omputor/ros2_ws/src/tendon_continuum/install/tendon_continuum/share/tendon_continuum/package.bash'
[3.600s] INFO:colcon.colcon_core.shell:Creating package script '/home/omputor/ros2_ws/src/tendon_continuum/install/tendon_continuum/share/tendon_continuum/package.zsh'
[3.600s] Level 1:colcon.colcon_core.environment:create_file_with_runtime_dependencies(/home/omputor/ros2_ws/src/tendon_continuum/install/tendon_continuum/share/colcon-core/packages/tendon_continuum)
[3.600s] DEBUG:colcon.colcon_parallel_executor.executor.parallel:closing loop
[3.601s] DEBUG:colcon.colcon_parallel_executor.executor.parallel:loop closed
[3.601s] DEBUG:colcon.colcon_parallel_executor.executor.parallel:run_until_complete finished with '0'
[3.601s] DEBUG:colcon.colcon_core.event_reactor:joining thread
[3.656s] INFO:colcon.colcon_core.plugin_system:Skipping extension 'colcon_notification.desktop_notification.notify_send': Could not find 'notify-send'
[3.657s] INFO:colcon.colcon_core.plugin_system:Skipping extension 'colcon_notification.desktop_notification.terminal_notifier': Not used on non-Darwin systems
[3.657s] INFO:colcon.colcon_core.plugin_system:Skipping extension 'colcon_notification.desktop_notification.win32': Not used on non-Windows systems
[3.657s] INFO:colcon.colcon_notification.desktop_notification:Sending desktop notification using 'notify2'
[3.658s] DEBUG:colcon.colcon_notification.desktop_notification.notify2:Failed to initialize notify2: org.freedesktop.DBus.Error.ServiceUnknown: The name org.freedesktop.Notifications was not provided by any .service files
[3.658s] DEBUG:colcon.colcon_core.event_reactor:joined thread
[3.658s] INFO:colcon.colcon_core.shell:Creating prefix script '/home/omputor/ros2_ws/src/tendon_continuum/install/local_setup.ps1'
[3.659s] INFO:colcon.colcon_core.shell:Creating prefix util module '/home/omputor/ros2_ws/src/tendon_continuum/install/_local_setup_util_ps1.py'
[3.659s] INFO:colcon.colcon_core.shell:Creating prefix chain script '/home/omputor/ros2_ws/src/tendon_continuum/install/setup.ps1'
[3.660s] INFO:colcon.colcon_core.shell:Creating prefix script '/home/omputor/ros2_ws/src/tendon_continuum/install/local_setup.sh'
[3.660s] INFO:colcon.colcon_core.shell:Creating prefix util module '/home/omputor/ros2_ws/src/tendon_continuum/install/_local_setup_util_sh.py'
[3.660s] INFO:colcon.colcon_core.shell:Creating prefix chain script '/home/omputor/ros2_ws/src/tendon_continuum/install/setup.sh'
[3.661s] INFO:colcon.colcon_core.shell:Creating prefix script '/home/omputor/ros2_ws/src/tendon_continuum/install/local_setup.bash'
[3.661s] INFO:colcon.colcon_core.shell:Creating prefix chain script '/home/omputor/ros2_ws/src/tendon_continuum/install/setup.bash'
[3.662s] INFO:colcon.colcon_core.shell:Creating prefix script '/home/omputor/ros2_ws/src/tendon_continuum/install/local_setup.zsh'
[3.662s] INFO:colcon.colcon_core.shell:Creating prefix chain script '/home/omputor/ros2_ws/src/tendon_continuum/install/setup.zsh'
